<html>
<body>
<pre>
<h1>µVision Build Log</h1>
<h2>Tool Versions:</h2>
IDE-Version: µVision V5.31.0.0
Copyright (C) 2020 ARM Ltd and ARM Germany GmbH. All rights reserved.
License Information: Muhammed Davut Kocoglu G150100009, G150100009, LIC=----
 
Tool Versions:
Toolchain:       MDK-Lite  Version: 5.31.0.0
Toolchain Path:  C:\Keil_v5\ARM\ARMCLANG\Bin
C Compiler:      ArmClang.exe V6.14
Assembler:       Armasm.exe V6.14
Linker/Locator:  ArmLink.exe V6.14
Library Manager: ArmAr.exe V6.14
Hex Converter:   FromElf.exe V6.14
CPU DLL:         SARMCM3.DLL V5.31.0.0
Dialog DLL:      DCM.DLL V1.17.3.0
Target DLL:      STLink\ST-LINKIII-KEIL_SWO.dll V3.0.7.0
Dialog DLL:      TCM.DLL V1.46.0.0
 
<h2>Project:</h2>
C:\Users\Muhammed\Desktop\STM32_FIRST_V0.01\V0.01.uvprojx
Project File Date:  11/29/2020

<h2>Output:</h2>
*** Using Compiler 'V6.14', folder: 'C:\Keil_v5\ARM\ARMCLANG\Bin'
Rebuild target 'Target 1'
main.c(8): warning: In file included from...
./TIMER.h(8): warning: no newline at end of file [-Wnewline-eof]
#endif
      ^
main.c(12): warning: suggest braces around initialization of subobject [-Wmissing-braces]
uint8_t menu[5][5] = {0,0,0,0,0,
                      ^~~~~~~~~
                      {        }
main.c(13): warning: suggest braces around initialization of subobject [-Wmissing-braces]
                                                                                        1,0,0,0,0,
                                                                                        ^~~~~~~~~
                                                                                        {        }
main.c(14): warning: suggest braces around initialization of subobject [-Wmissing-braces]
                                                                                        2,0,0,0,0,
                                                                                        ^~~~~~~~~
                                                                                        {        }
main.c(15): warning: suggest braces around initialization of subobject [-Wmissing-braces]
                                                                                        3,0,0,0,0,
                                                                                        ^~~~~~~~~
                                                                                        {        }
main.c(16): warning: suggest braces around initialization of subobject [-Wmissing-braces]
                                                                                        4,0,0,0,0       };
                                                                                        ^~~~~~~~~
                                                                                        {        }
main.c(47): warning: no newline at end of file [-Wnewline-eof]
}
 ^
main.c(10): warning: no previous extern declaration for non-static variable 'a' [-Wmissing-variable-declarations]
int a;
    ^
main.c(10): note: declare 'static' if the variable is not intended to be used outside of this translation unit
int a;
^
8 warnings generated.
compiling main.c...
ADC.c(18): warning: implicit conversion loses integer precision: 'volatile uint32_t' (aka 'volatile unsigned int') to 'uint16_t' (aka 'unsigned short') [-Wimplicit-int-conversion]
        analogValue=ADC1->DR;
                   ~~~~~~~^~
ADC.c(40): warning: implicit conversion changes signedness: 'int' to 'unsigned int' [-Wsign-conversion]
        ADC1->CR &=~0x40000000;
                 ~~^~~~~~~~~~~
2 warnings generated.
compiling ADC.c...
compiling PWM.c...
INTERRUPT.c(19): warning: implicit conversion loses integer precision: 'volatile uint16_t' (aka 'volatile unsigned short') to 'char' [-Wimplicit-int-conversion]
                ch=USART2->RDR;
                  ~~~~~~~~~^~~
INTERRUPT.c(32): warning: no newline at end of file [-Wnewline-eof]
}
 ^
2 warnings generated.
compiling INTERRUPT.c...
LCD.c(76): warning: implicit conversion loses integer precision: 'int' to 'char' [-Wimplicit-int-conversion]
        LCD_nibble_write(command<<4,0);                         //lowe 4 bits
        ~~~~~~~~~~~~~~~~ ~~~~~~~^~~
LCD.c(89): warning: implicit conversion loses integer precision: 'int' to 'char' [-Wimplicit-int-conversion]
        LCD_nibble_write(data<<4,RS);
        ~~~~~~~~~~~~~~~~ ~~~~^~~
2 warnings generated.
compiling LCD.c...
UART.c(27): warning: implicit conversion loses integer precision: 'volatile uint16_t' (aka 'volatile unsigned short') to 'char' [-Wimplicit-int-conversion]
        return USART2->RDR;
        ~~~~~~ ~~~~~~~~^~~
1 warning generated.
compiling UART.c...
SYSTEM.c(72): warning: implicit conversion changes signedness: 'int' to 'unsigned int' [-Wsign-conversion]
        GPIOB->MODER &=~0x0FFF;
                     ~~^~~~~~~
1 warning generated.
compiling SYSTEM.c...
TIMER.c(1): warning: In file included from...
./TIMER.h(8): warning: no newline at end of file [-Wnewline-eof]
#endif
      ^
TIMER.c(15): warning: no newline at end of file [-Wnewline-eof]
}
 ^
2 warnings generated.
compiling TIMER.c...
assembling startup_stm32f303xe.s...
compiling system_stm32f3xx.c...
linking...
Program Size: Code=1496 RO-data=420 RW-data=0 ZI-data=1640  
".\Objects\V0.01" - 0 Error(s), 18 Warning(s).

<h2>Software Packages used:</h2>

Package Vendor: ARM
                http://www.keil.com/pack/ARM.CMSIS.5.7.0.pack
                ARM.CMSIS.5.7.0
                CMSIS (Cortex Microcontroller Software Interface Standard)
   * Component: CORE Version: 5.4.0

Package Vendor: Keil
                http://www.keil.com/pack/Keil.STM32F3xx_DFP.2.1.0.pack
                Keil.STM32F3xx_DFP.2.1.0
                STMicroelectronics STM32F3 Series Device Support and Examples
   * Component: Startup Version: 1.0.0

<h2>Collection of Component include folders:</h2>
  .\RTE\_Target_1
  C:\Users\Muhammed\AppData\Local\Arm\Packs\ARM\CMSIS\5.7.0\CMSIS\Core\Include
  C:\Users\Muhammed\AppData\Local\Arm\Packs\Keil\STM32F3xx_DFP\2.1.0\Drivers\CMSIS\Device\ST\STM32F3xx\Include

<h2>Collection of Component Files used:</h2>

   * Component: ARM::CMSIS:CORE:5.4.0

   * Component: Keil.Standalone::Device:Startup:1.0.0
      Include file:  Drivers\CMSIS\Device\ST\STM32F3xx\Include\stm32f3xx.h
      Source file:   Drivers\CMSIS\Device\ST\STM32F3xx\Source\Templates\arm\startup_stm32f303xe.s
      Source file:   Drivers\CMSIS\Device\ST\STM32F3xx\Source\Templates\system_stm32f3xx.c
      Source file:   MDK\Device\Source\ARM\STM32F3xx_OPT.s
Build Time Elapsed:  00:00:03
</pre>
</body>
</html>
